Length of original_df after filtering for non-null cleaned_text: 158332
Number of items with missing pred_binary in original_df after filtering for non-null cleaned_text: 0
Number of items with missing data_id in original_df after filtering for non-null cleaned_text: 0
======== DATASET SUMMARY ========
Total number of observations: 158332
Number of unique MPs: 358
Number of MPs by gender: gender
Female    169
Male      189
Name: mp_handle, dtype: int64
Number of unique authors: 36296
======== LOADING MP DETAILS ========
Number of MPs in mp_details: 650
Number of MPs in mp_details by gender: gender
Female    265
Male      385
Name: parliament_name, dtype: int64
Number of MPs with bluesky_handle in mp_details: 420
Number of MPs with bluesky_handle by gender: gender
Female    194
Male      226
Name: bluesky_handle, dtype: int64
======== ACCOUNT STATUS DISTRIBUTION ========
======== MP POST ANALYSIS ========
Number of MPs with posts: 312
Number of MPs with posts by gender: gender
Female    143
Male      169
Name: mp_handle, dtype: int64
74.5
Number of posts by duplicate status:
duplicates
first duplicate      286
no duplicates      38616
Name: item_id, dtype: int64
Number of posts by gender:
gender
Female    20389
Male      18513
Name: item_id, dtype: int64
Post counts by MP:                       mp_handle  post_count
0    adamjamesdance.bsky.social         105
1      adrianramsay.bsky.social         296
2      afzalkhanmcr.bsky.social         385
3  alanstricklandmp.bsky.social           1
4           alcarns.bsky.social           5
======== MP REPLY ANALYSIS ========
Number of MPs with replies: 326
Number of MPs with replies by gender: gender
Female    156
Male      170
Name: mp_handle, dtype: int64
Reply counts by MP:                       mp_handle  reply_count
0    adamjamesdance.bsky.social            8
1      adrianramsay.bsky.social          201
2      afzalkhanmcr.bsky.social          120
3  alanstricklandmp.bsky.social            4
4           alcarns.bsky.social            3
======== PROPORTION OF REPLIES BY GENDER ========
Length of dataset: 110743
Proportion of replies by gender:
Women: 66.97037284523627
Male: 33.02962715476373
Number of replies by gender:
gender
Female    74165
Male      36578
Name: item_id, dtype: int64
Length of appearance_df: 502038
Length of active_df after merging with appearance_df: 110743
Proportion of appearance related replies by reply type:
item_type
reply-1    0.041608
reply-2    0.045633
Name: pred_contains_appearance, dtype: float64
Number of MPs with handles after dropping NaNs:  420
MP details after merging with reply and post counts:    parliament_name                    mp_handle  ... reply_count post_count
0    Diane Abbott    hackneyabbott.bsky.social  ...         0.0        0.0
1    Angela Eagle     angelaeagle1.bsky.social  ...         1.0        0.0
2   Yvette Cooper  yvettecooper-mp.bsky.social  ...        11.0        0.0
3     Mary Creagh       marycreagh.bsky.social  ...       420.0       97.0
4  Kerry Mccarthy          kerrymp.bsky.social  ...         0.0        0.0

[5 rows x 8 columns]
        count      mean       std  min       25%       50%      75%   max
gender                                                                   
Female  143.0  3.463576  6.721841  0.0  0.351768  0.916933  3.35614  51.8
Male    169.0  2.695344  5.854926  0.0  0.235294  0.680000  2.50000  48.8
==== DISTRIBUTION OF REPLIES ========
======== COMPARING REPLY_COUNT BY GENDER ========
Mean reply_count by gender:
gender
Female    382.293814
Male      161.849558
Name: reply_count, dtype: float64
Mann-Whitney U test results comparing reply_count by gender:
MannwhitneyuResult(statistic=np.float64(20623.5), pvalue=np.float64(0.29251274422623497))
======== COMPARING REPLY_TO_POST_RATIO BY GENDER ========
Mean reply_to_post_ratio by gender:
gender
Female    3.463576
Male      2.695344
Name: reply_to_post_ratio, dtype: float64
Mann-Whitney U test results comparing reply_to_post_ratio by gender:
MannwhitneyuResult(statistic=np.float64(11052.0), pvalue=np.float64(0.19405313289206494))
======== SELECTING ACTIVE MPs ========
======== COMPARING DEMOGRAPHICS BY ENGAGEMENT LEVEL ========
Demographics by engagement level:
Contingency table for active vs inactive MPs by gender:
gender         Female  Male
active_filter              
False              94   118
True              100   108
Chi-square test results comparing proportion of women in active vs inactive MPs:
Chi2: 0.4492185663804207, p-value: 0.5027062784831771, degrees of freedom: 1
Expected frequencies:
[[ 97.92380952 114.07619048]
 [ 96.07619048 111.92380952]]
Contingency table for active vs inactive MPs by minority status:
minority_status  Minority  Unknown
active_filter                     
False                  30      182
True                   30      178
Chi-square test results comparing proportion of ethnic minority MPs in active vs inactive MPs:
Chi2: 0.0, p-value: 1.0, degrees of freedom: 1
Expected frequencies:
[[ 30.28571429 181.71428571]
 [ 29.71428571 178.28571429]]
Age distribution by active vs inactive MPs:
               count         mean        std  ...     50%      75%     max
active_filter                                 ...                         
False          161.0  1976.068323  11.106937  ...  1977.0  1985.00  2002.0
True           158.0  1977.373418  10.331748  ...  1979.0  1984.75  1997.0

[2 rows x 8 columns]
Mann-Whitney U test results comparing age of active vs inactive MPs:
MannwhitneyuResult(statistic=np.float64(13687.5), pvalue=np.float64(0.23964824915931282))
Number of active MPs: 208
Number of active MPs by gender: gender
Female    100
Male      108
Name: mp_handle, dtype: int64
Number of replies to active MPs:  109983
Length of active_df: 109983, Length of active_mp_details: 208
Number of replies which are NaN: 0
Number of replies which are empty strings: 0
Number of items with missing cleaned_text in active_df: 0
======== PROPORTION OF REPLIES BY GENDER ========
Length of dataset: 109983
Proportion of replies by gender:
Women: 67.14492239709773
Male: 32.85507760290226
Number of replies by gender:
gender
Female    73848
Male      36135
Name: item_id, dtype: int64
======== COMPARING REPLY_COUNT BY GENDER ========
Mean reply_count by gender:
gender
Female    738.480000
Male      334.583333
Name: reply_count, dtype: float64
Mann-Whitney U test results comparing reply_count by gender:
MannwhitneyuResult(statistic=np.float64(5029.5), pvalue=np.float64(0.3935792483810633))
======== COMPARING REPLY_TO_POST_RATIO BY GENDER ========
Mean reply_to_post_ratio by gender:
gender
Female    4.382815
Male      3.726555
Name: reply_to_post_ratio, dtype: float64
Mann-Whitney U test results comparing reply_to_post_ratio by gender:
MannwhitneyuResult(statistic=np.float64(5146.0), pvalue=np.float64(0.5588848248592551))
======== TARGET REPLIES BY GENDER (pred_binary) ========
Number of replies which are pred_binary: 3386.0
Number of replies which are pred_binary by gender:
gender       Female   Male
pred_binary               
0.0           71201  35396
1.0            2647    739
Proportion of replies which are pred_binary by gender:
gender         Female      Male
pred_binary                    
0.0          0.964156  0.979549
1.0          0.035844  0.020451
======== TARGET REPLIES BY GENDER (pred_contains_appearance) ========
Number of replies which are pred_contains_appearance: 4678
Number of replies which are pred_contains_appearance by gender:
gender                    Female   Male
pred_contains_appearance               
0                          70485  34820
1                           3363   1315
Proportion of replies which are pred_contains_appearance by gender:
gender                      Female      Male
pred_contains_appearance                    
0                         0.954461  0.963609
1                         0.045539  0.036391
Mean percentage of appearance related replies by gender:
gender
Female    2.843377
Male      3.493773
Name: percentage_appearance_replies, dtype: float64
Mean percentage of GBV related replies by gender:
gender
Female    2.733090
Male      2.145225
Name: percentage_gbv_replies, dtype: float64
======== COMPARING PERCENTAGE_APPEARANCE_REPLIES BY GENDER ========
Mean percentage_appearance_replies by gender:
gender
Female    2.843377
Male      3.493773
Name: percentage_appearance_replies, dtype: float64
Mann-Whitney U test results comparing percentage_appearance_replies by gender:
MannwhitneyuResult(statistic=np.float64(6158.5), pvalue=np.float64(0.07984591691796165))
======== COMPARING PERCENTAGE_GBV_REPLIES BY GENDER ========
Mean percentage_gbv_replies by gender:
gender
Female    2.733090
Male      2.145225
Name: percentage_gbv_replies, dtype: float64
Mann-Whitney U test results comparing percentage_gbv_replies by gender:
MannwhitneyuResult(statistic=np.float64(4682.5), pvalue=np.float64(0.09634720533677861))
========== ENGAGEMENT LEVEL AND PERCENTAGE_APPEARANCE_REPLIES RELATED REPLIES ==========
count    208.000000
mean       4.042065
std        7.325963
min        0.074913
25%        0.415081
50%        1.296957
75%        4.322932
max       51.800000
Name: reply_to_post_ratio, dtype: float64
Spearman's rank correlation between reply to post ratio and percentage appearance replies:
Correlation: 0.33880249728555223, p-value: 5.566842015741876e-07
Spearman's rank correlation between reply to post ratio and percentage appearance replies (Women):
Correlation: 0.4477161775432675, p-value: 3.0044735369964507e-06
Spearman's rank correlation between reply to post ratio and percentage appearance replies (Male):
Correlation: 0.2528667000456612, p-value: 0.008282158681299301
count     362.000000
mean      303.820442
std       199.569449
min        28.000000
25%       154.000000
50%       251.500000
75%       410.750000
max      1052.000000
Name: total_replies, dtype: float64
Spearman's rank correlation between total replies and percentage appearance replies:
Correlation: 0.25133481817870285, p-value: 1.2763737326368978e-06
Spearman's rank correlation between total replies and percentage appearance replies (Women):
Correlation: 0.13749213249836792, p-value: 0.06493176227173177
Spearman's rank correlation between total replies and percentage appearance replies (Male):
Correlation: 0.17512019249468289, p-value: 0.0183772007265242
Kendall's tau correlation between total replies and percentage appearance replies:
Correlation: 0.16910004264328268, p-value: 1.6231665611415472e-06
Kendall's tau correlation between total replies and percentage appearance replies (Women):
Correlation: 0.08892030565199915, p-value: 0.07582407906075847
Kendall's tau correlation between total replies and percentage appearance replies (Male):
Correlation: 0.11861755773855795, p-value: 0.018053671988477335
========== ENGAGEMENT LEVEL AND PERCENTAGE_GBV_REPLIES RELATED REPLIES ==========
count    208.000000
mean       4.042065
std        7.325963
min        0.074913
25%        0.415081
50%        1.296957
75%        4.322932
max       51.800000
Name: reply_to_post_ratio, dtype: float64
Spearman's rank correlation between reply to post ratio and percentage gbv replies:
Correlation: 0.24975129836983362, p-value: 0.00027467669460627453
Spearman's rank correlation between reply to post ratio and percentage gbv replies (Women):
Correlation: 0.27077198507119554, p-value: 0.00643451851177305
Spearman's rank correlation between reply to post ratio and percentage gbv replies (Male):
Correlation: 0.22018256660659472, p-value: 0.022035504507257386
count     362.000000
mean      303.820442
std       199.569449
min        28.000000
25%       154.000000
50%       251.500000
75%       410.750000
max      1052.000000
Name: total_replies, dtype: float64
Spearman's rank correlation between total replies and percentage gbv replies:
Correlation: 0.301486730967532, p-value: 4.825502698562538e-09
Spearman's rank correlation between total replies and percentage gbv replies (Women):
Correlation: 0.1346333847095477, p-value: 0.07076322003141698
Spearman's rank correlation between total replies and percentage gbv replies (Male):
Correlation: 0.09377173108979209, p-value: 0.2092618122798105
Kendall's tau correlation between total replies and percentage gbv replies:
Correlation: 0.20251852855799413, p-value: 1.0002801774468078e-08
Kendall's tau correlation between total replies and percentage gbv replies (Women):
Correlation: 0.0907582756827103, p-value: 0.06994695759429133
Kendall's tau correlation between total replies and percentage gbv replies (Male):
Correlation: 0.05287948912196195, p-value: 0.29523127368521096
======== SIMPLIFYING ETHNICITY CATEGORIES ========
Minority MPs where ethnicity is not known: []
ethnicity
Unknown                                      178
Black British                                  6
British Indian                                 6
British Pakistani                              5
Black British/White British (Mixed)            4
British Chinese/White British (Mixed)          2
British Bangladeshi                            1
British Pakistani/Other White (Mixed)          1
British Palestinian/White British (Mixed)      1
Anglo-Indian                                   1
British Chinese                                1
British Syrian/White Irish (Mixed)             1
British Filipino/White British (Mixed)         1
Name: count, dtype: int64
Number of minority MPs: 30
MPs missing category = set()
ethnicity_simplified
Unknown    92987
Mixed      10666
Asian       4047
Black       2283
Name: count, dtype: int64
Number of MPs with unknown ethnicity: 0
======== PRED BINARY BY RACE AND GENDER ========
PRED BINARY by ethnicity and gender:
gender                  Female                     ...     Male                    
ethnicity_simplified     Asian    Black     Mixed  ...    Asian     Mixed   Unknown
pred_binary                                        ...                             
0.0                   0.962021  0.95795  0.945786  ...  0.98816  0.972941  0.979777
1.0                   0.037979  0.04205  0.054214  ...  0.01184  0.027059  0.020223

[2 rows x 7 columns]
gender  ethnicity_simplified
Female  Unknown                 81
        Asian                    7
        Black                    6
        Mixed                    6
Male    Unknown                 97
        Asian                    6
        Mixed                    5
Name: count, dtype: int64
ethnicity_simplified
Asian      2.670094
Black      1.219321
Mixed      4.323288
Unknown    4.220034
Name: reply_to_post_ratio, dtype: float64
Mean PRED BINARY by ethnicity and gender:
gender  ethnicity_simplified
Female  Asian                   1.471919
        Black                   2.128786
        Mixed                   3.602789
        Unknown                 2.822421
Male    Asian                   1.172395
        Mixed                   2.564864
        Unknown                 2.183769
Name: percentage_gbv_replies, dtype: float64
Number of replies by MP ethnicity:
ethnicity_simplified
Asian       3.679660
Black       2.075775
Mixed       9.697862
Unknown    84.546703
Name: item_id, dtype: float64
Number of target replies by MP ethnicity:
ethnicity_simplified
Asian       3.691672
Black       2.835204
Mixed      15.032487
Unknown    78.440638
Name: item_id, dtype: float64
                              OLS Regression Results                              
==================================================================================
Dep. Variable:     percentage_gbv_replies   R-squared:                       0.017
Model:                                OLS   Adj. R-squared:                  0.002
Method:                     Least Squares   F-statistic:                     1.149
Date:                    Wed, 12 Aug 2026   Prob (F-statistic):              0.331
Time:                            12:04:01   Log-Likelihood:                -489.46
No. Observations:                     208   AIC:                             986.9
Df Residuals:                         204   BIC:                             1000.
Df Model:                               3                                         
Covariance Type:                nonrobust                                         
===================================================================================================================
                                                      coef    std err          t      P>|t|      [0.025      0.975]
-------------------------------------------------------------------------------------------------------------------
Intercept                                           2.3523      0.590      3.989      0.000       1.190       3.515
C(minority_status)[T.Unknown]                       0.4702      0.655      0.718      0.474      -0.822       1.762
C(gender)[T.Male]                                  -0.5469      0.974     -0.562      0.575      -2.467       1.373
C(minority_status)[T.Unknown]:C(gender)[T.Male]    -0.0917      1.048     -0.088      0.930      -2.158       1.974
==============================================================================
Omnibus:                       99.505   Durbin-Watson:                   1.929
Prob(Omnibus):                  0.000   Jarque-Bera (JB):              405.760
Skew:                           1.938   Prob(JB):                     7.77e-89
Kurtosis:                       8.639   Cond. No.                         13.3
==============================================================================

Notes:
[1] Standard Errors assume that the covariance matrix of the errors is correctly specified.
======== COMPARING PERCENTAGE_GBV_REPLIES BY MINORITY_STATUS ========
Mean percentage_gbv_replies by minority_status:
minority_status
Minority    2.151719
Unknown     2.474392
Name: percentage_gbv_replies, dtype: float64
Mann-Whitney U test results comparing percentage_gbv_replies by minority_status:
MannwhitneyuResult(statistic=np.float64(2641.0), pvalue=np.float64(0.9251115652437207))
======== COMPARING PERCENTAGE_GBV_REPLIES BY MINORITY_STATUS ========
Mean percentage_gbv_replies by minority_status:
minority_status
Minority    2.352257
Unknown     2.822421
Name: percentage_gbv_replies, dtype: float64
Mann-Whitney U test results comparing percentage_gbv_replies by minority_status:
MannwhitneyuResult(statistic=np.float64(744.5), pvalue=np.float64(0.8283868363329626))
======== COMPARING PERCENTAGE_GBV_REPLIES BY MINORITY_STATUS ========
Mean percentage_gbv_replies by minority_status:
minority_status
Minority    1.805335
Unknown     2.183769
Name: percentage_gbv_replies, dtype: float64
Mann-Whitney U test results comparing percentage_gbv_replies by minority_status:
MannwhitneyuResult(statistic=np.float64(509.0), pvalue=np.float64(0.8064790563251611))
======== HANDLING AGE DATA ========
========== AGE AND PERCENTAGE APPEARANCE REPLIES ==========
count    158.000000
mean      48.626582
std       10.331748
min       29.000000
25%       41.250000
50%       47.000000
75%       55.000000
max       77.000000
Name: age, dtype: float64
Number of MPs by age and gender:
        count       mean        std   min   25%   50%   75%   max
gender                                                           
Female   77.0  50.935065   9.590754  30.0  45.0  50.0  58.0  69.0
Male     81.0  46.432099  10.587656  29.0  39.0  44.0  52.0  77.0
Spearman's rank correlation between age and percentage of appearance related replies:
Correlation: 0.0087692039606696, p-value: 0.9129216834032864
Spearman's rank correlation between age and percentage of appearance related replies for women:
Correlation: 0.08646542474467596, p-value: 0.454627314598943
Spearman's rank correlation between age and percentage of appearance related replies for men:
Correlation: 0.009261618045413688, p-value: 0.9345984136930421
Minimum age: 29, Maximum age: 77, Number of MPs with age data: 158
age_group  gender
24-34      Female     4
           Male       9
35-44      Female    19
           Male      37
45-54      Female    32
           Male      19
55-64      Female    13
           Male      10
65+        Female     9
           Male       6
Name: mp_handle, dtype: int64
  age_group  gender  percentage_appearance_replies
0     24-34  Female                       4.871166
1     24-34    Male                       3.434037
2     35-44  Female                       1.753841
3     35-44    Male                       3.995083
4     45-54  Female                       2.932750
5     45-54    Male                       3.578523
6     55-64  Female                       3.375474
7     55-64    Male                       3.683561
8       65+  Female                       4.095893
9       65+    Male                       2.866647
========== AGE AND PERCENTAGE GBV REPLIES ==========
count    158.000000
mean      48.626582
std       10.331748
min       29.000000
25%       41.250000
50%       47.000000
75%       55.000000
max       77.000000
Name: age, dtype: float64
Number of MPs by age and gender:
        count       mean        std   min   25%   50%   75%   max
gender                                                           
Female   77.0  50.935065   9.590754  30.0  45.0  50.0  58.0  69.0
Male     81.0  46.432099  10.587656  29.0  39.0  44.0  52.0  77.0
Spearman's rank correlation between age and percentage of appearance related replies:
Correlation: -0.09981949156781618, p-value: 0.21207945819645496
Spearman's rank correlation between age and percentage of appearance related replies for women:
Correlation: -0.20009461266516745, p-value: 0.08102031995997085
Spearman's rank correlation between age and percentage of appearance related replies for men:
Correlation: -0.06592286424341394, p-value: 0.5587355033224497
Minimum age: 29, Maximum age: 77, Number of MPs with age data: 158
age_group  gender
24-34      Female     4
           Male       9
35-44      Female    19
           Male      37
45-54      Female    32
           Male      19
55-64      Female    13
           Male      10
65+        Female     9
           Male       6
Name: mp_handle, dtype: int64
  age_group  gender  percentage_gbv_replies
0     24-34  Female                3.371939
1     24-34    Male                2.138243
2     35-44  Female                3.349487
3     35-44    Male                2.405007
4     45-54  Female                2.378738
5     45-54    Male                1.897795
6     55-64  Female                2.172414
7     55-64    Male                2.170370
8       65+  Female                1.834880
9       65+    Male                2.131280
Percentage of GBV related replies per MP by ethnicity and gender:
gender  minority_status
Female  Minority           2.352257
        Unknown            2.822421
Male    Minority           1.805335
        Unknown            2.183769
Name: percentage_gbv_replies, dtype: float64
Total percentage of GBV related replies by ethnicity and gender:
gender  minority_status
Female  Minority           0.048547
        Unknown            0.033041
Male    Minority           0.022478
        Unknown            0.020223
Name: pred_binary, dtype: float64
======== ONE HOT ENCODING GBV CATEGORY LABELS ========
GBV categories: <ArrowStringArray>
[                           '-',              'OBJECTIFICATION',
              'SEXUAL-VIOLENCE',       'STEREOTYPING-DOMINANCE',
 'MISOGYNY-NON-SEXUAL-VIOLENCE',       'IDEOLOGICAL-INEQUALITY']
Length: 6, dtype: str
======== ANALYSING GBV SUBCATEGORIES ========
Percentage of GBV related replies by gender:
3.5843895569277433
2.0451086204510864
OBJECTIFICATION: 821 (1.11%)
SEXUAL-VIOLENCE: 568 (0.77%)
STEREOTYPING-DOMINANCE: 1372 (1.86%)
IDEOLOGICAL-INEQUALITY: 1341 (1.82%)
OBJECTIFICATION: 294 (0.81%)
SEXUAL-VIOLENCE: 158 (0.44%)
STEREOTYPING-DOMINANCE: 355 (0.98%)
IDEOLOGICAL-INEQUALITY: 308 (0.85%)
       subcategory Female_count    Female Male_count      Male
0  Objectification          821  1.111743        294  0.813616
1  Sexual Violence          568  0.769147        158  0.437249
2     Stereotyping         1372   1.85787        355  0.982427
3      Ideological         1341  1.815892        308  0.852359
          Category    Female      Male  ...  Female_width Male_Left Male_width
0  Objectification  1.111743  0.813616  ...      1.111743 -0.813616   0.813616
1  Sexual Violence  0.769147  0.437249  ...      0.769147 -0.437249   0.437249
2     Stereotyping   1.85787  0.982427  ...       1.85787 -0.982427   0.982427
3      Ideological  1.815892  0.852359  ...      1.815892 -0.852359   0.852359

[4 rows x 7 columns]
X-axis limits: (-2, 3)
======== ANALYSING GBV SUBCATEGORIES ========
Percentage of GBV related replies by minority_status:
4.854659874138448
3.304132231404959
OBJECTIFICATION: 176 (1.32%)
SEXUAL-VIOLENCE: 154 (1.15%)
STEREOTYPING-DOMINANCE: 300 (2.25%)
IDEOLOGICAL-INEQUALITY: 359 (2.69%)
OBJECTIFICATION: 645 (1.07%)
SEXUAL-VIOLENCE: 414 (0.68%)
STEREOTYPING-DOMINANCE: 1072 (1.77%)
IDEOLOGICAL-INEQUALITY: 982 (1.62%)
       subcategory Minority_count  Minority Unknown_count   Unknown
0  Objectification            176   1.31855           645  1.066116
1  Sexual Violence            154  1.153731           414  0.684298
2     Stereotyping            300  2.247528          1072  1.771901
3      Ideological            359  2.689542           982   1.62314
          Category  Minority  ... Unknown_Left  Unknown_width
0  Objectification   1.31855  ...    -1.066116       1.066116
1  Sexual Violence  1.153731  ...    -0.684298       0.684298
2     Stereotyping  2.247528  ...    -1.771901       1.771901
3      Ideological  2.689542  ...     -1.62314        1.62314

[4 rows x 7 columns]
X-axis limits: (-3, 4)
======== ANALYSING GBV SUBCATEGORIES ========
Percentage of GBV related replies by age_group:
4.454330117280027
3.279458748355572
OBJECTIFICATION: 215 (1.24%)
SEXUAL-VIOLENCE: 183 (1.06%)
STEREOTYPING-DOMINANCE: 375 (2.17%)
IDEOLOGICAL-INEQUALITY: 405 (2.34%)
OBJECTIFICATION: 184 (0.86%)
SEXUAL-VIOLENCE: 136 (0.64%)
STEREOTYPING-DOMINANCE: 341 (1.60%)
IDEOLOGICAL-INEQUALITY: 404 (1.90%)
       subcategory 24-44_count     24-44 45+_count       45+
0  Objectification         215  1.242128       184  0.864499
1  Sexual Violence         183  1.057253       136  0.638978
2     Stereotyping         375  2.166503       341  1.602142
3      Ideological         405  2.339823       404  1.898139
          Category     24-44       45+  ...  24-44_width  45+_Left 45+_width
0  Objectification  1.242128  0.864499  ...     1.242128 -0.864499  0.864499
1  Sexual Violence  1.057253  0.638978  ...     1.057253 -0.638978  0.638978
2     Stereotyping  2.166503  1.602142  ...     2.166503 -1.602142  1.602142
3      Ideological  2.339823  1.898139  ...     2.339823 -1.898139  1.898139

[4 rows x 7 columns]
X-axis limits: (-3, 3)
