Length of original_df after filtering for non-null cleaned_text: 4017478
Number of items with missing pred_binary in original_df after filtering for non-null cleaned_text: 0
Number of items with missing data_id in original_df after filtering for non-null cleaned_text: 0
======== DATASET SUMMARY ========
Total number of observations: 4017478
Number of unique MPs: 532
Number of MPs by gender: gender
Female    211
Male      319
Name: mp_handle, dtype: int64
Number of unique authors: 422975
======== LOADING MP DETAILS ========
Number of MPs in mp_details: 650
Number of MPs in mp_details by gender: gender
Female    265
Male      385
Name: parliament_name, dtype: int64
Number of MPs with twitter_handle in mp_details: 600
Number of MPs with twitter_handle by gender: gender
Female    249
Male      351
Name: twitter_handle, dtype: int64
======== ACCOUNT STATUS DISTRIBUTION ========
======== MP POST ANALYSIS ========
Number of MPs with posts: 528
Number of MPs with posts by gender: gender
Female    210
Male      316
Name: mp_handle, dtype: int64
177.0
Number of posts by duplicate status:
duplicates
first duplicate    110686
no duplicates       78013
Name: item_id, dtype: int64
Number of posts by gender:
gender
Female     81375
Male      107174
Name: item_id, dtype: int64
Post counts by MP:          mp_handle  post_count
0    ABarrosCurtis         626
1       AWMurrison          85
2      A_J_Snowden         293
3  Abtisam_Mohamed         233
4   Adamjamesdance         289
======== MP REPLY ANALYSIS ========
Number of MPs with replies: 517
Number of MPs with replies by gender: gender
Female    202
Male      313
Name: mp_handle, dtype: int64
Reply counts by MP:          mp_handle  reply_count
0    ABarrosCurtis         2989
1       AWMurrison         1185
2      A_J_Snowden         2601
3  Abtisam_Mohamed         1211
4   Adamjamesdance          437
======== PROPORTION OF REPLIES BY GENDER ========
Length of dataset: 2524285
Proportion of replies by gender:
Women: 34.82954579217481
Male: 65.04729061892773
Number of replies by gender:
gender
Female     879197
Male      1641979
Name: item_id, dtype: int64
Length of appearance_df: 1975965
Length of active_df after merging with appearance_df: 2594875
